Circuit: * C:\Users\HP\Desktop\Draft1.asc

Direct Newton iteration for .op point succeeded.
.step r_load=14.5
.step r_load=18.12
.step r_load=24.16
.step r_load=36.25
.step r_load=72.5

Date: Mon Jun 01 14:42:40 2026
Total elapsed time: 0.684 seconds.

tnom = 27
temp = 27
method = modified trap
totiter = 2093
traniter = 2082
tranpoints = 1042
accept = 1042
rejected = 0
matrix size = 7
fillins = 2
solver = Normal
Matrix Compiler1: 268 bytes object code size  0.4/0.3/[0.2]
Matrix Compiler2: 481 bytes object code size  0.6/0.3/[0.2]

